Archive member included to satisfy reference by file (symbol)

/courses/TDDI11/sw/lib/elf/libepc.a(init-cpu.o)
                              (start)
/courses/TDDI11/sw/lib/elf/libepc.a(init-idt.o)
                              /courses/TDDI11/sw/lib/elf/libepc.a(init-cpu.o) (Init_IDT)
/courses/TDDI11/sw/lib/elf/libepc.a(init-crt.o)
                              /courses/TDDI11/sw/lib/elf/libepc.a(init-cpu.o) (Init_CRT)
/courses/TDDI11/sw/lib/elf/libepc.a(display.o)
                              main.o (SetCursorPosition)
/courses/TDDI11/sw/lib/elf/libepc.a(init8259.o)
                              /courses/TDDI11/sw/lib/elf/libepc.a(init-cpu.o) (Init8259)
/courses/TDDI11/sw/lib/elf/libepc.a(init8253.o)
                              /courses/TDDI11/sw/lib/elf/libepc.a(init-cpu.o) (Init8253)
/courses/TDDI11/sw/lib/elf/libepc.a(checkcpu.o)
                              /courses/TDDI11/sw/lib/elf/libepc.a(init-cpu.o) (Check_CPU)
/courses/TDDI11/sw/lib/elf/libepc.a(io.o)
                              /courses/TDDI11/sw/lib/elf/libepc.a(init-idt.o) (ISR_PIC1)
/courses/TDDI11/sw/lib/elf/libepc.a(keyboard.o)
                              /courses/TDDI11/sw/lib/elf/libepc.a(io.o) (Enqueue)

Discarded input sections

 .eh_frame      0x0000000000000000       0x44 main.o

Memory Configuration

Name             Origin             Length             Attributes
conventional     0x0000000000000000 0x00000000000a0000
reserved         0x00000000000a0000 0x0000000000060000
extended         0x0000000000100000 0x00000000fff00000
*default*        0x0000000000000000 0xffffffffffffffff

Linker script and memory map

LOAD main.o
LOAD /courses/TDDI11/sw/lib/elf/libepc.a
LOAD /courses/TDDI11/sw/lib/elf/djgpp/libc.a
LOAD /courses/TDDI11/sw/i386-elf-gcc-7.3.0/lib/gcc/i386-elf/7.3.0/libgcc.a

.text           0x0000000000000000     0x164c
                0x0000000000000000                text_frst = .
 *(.start)
 .start         0x0000000000000000        0x8 /courses/TDDI11/sw/lib/elf/libepc.a(init-cpu.o)
                0x0000000000000000                start
 *(.init)
 *(.text)
 .text          0x0000000000000008       0x6a main.o
                0x0000000000000008                main
 *fill*         0x0000000000000072        0x2 
 .text          0x0000000000000074       0x50 /courses/TDDI11/sw/lib/elf/libepc.a(init-cpu.o)
                0x0000000000000074                Init_CPU
 .text          0x00000000000000c4      0x5a0 /courses/TDDI11/sw/lib/elf/libepc.a(init-idt.o)
                0x00000000000004d4                IRQ2INT
                0x00000000000004e8                _GetISR
                0x000000000000052c                SetISR
                0x0000000000000564                Init_IDT
 .text          0x0000000000000664      0x110 /courses/TDDI11/sw/lib/elf/libepc.a(init-crt.o)
                0x0000000000000664                Init_CRT
                0x0000000000000698                _LastMemoryAddress
 .text          0x0000000000000774      0x6e0 /courses/TDDI11/sw/lib/elf/libepc.a(display.o)
                0x0000000000000774                SetCursorVisible
                0x00000000000007f8                _GetCursorRow
                0x000000000000080c                _GetCursorCol
                0x0000000000000820                SetCursorPosition
                0x00000000000008c4                ClearScreen
                0x000000000000092c                _PutAttb
                0x0000000000000978                _PutCharAt
                0x00000000000009a4                _PutChar
                0x0000000000000a28                PutString
                0x0000000000000a60                PutUnsigned
                0x0000000000000a98                FormatUnsigned
                0x0000000000000b28                Unsigned2Ascii
                0x0000000000000bac                _Cell
 .text          0x0000000000000e54       0xe0 /courses/TDDI11/sw/lib/elf/libepc.a(init8259.o)
                0x0000000000000e54                Init8259
 .text          0x0000000000000f34       0xb0 /courses/TDDI11/sw/lib/elf/libepc.a(init8253.o)
                0x0000000000000f34                Init8253
 .text          0x0000000000000fe4       0x98 /courses/TDDI11/sw/lib/elf/libepc.a(checkcpu.o)
                0x0000000000000fe4                Check_CPU
 .text          0x000000000000107c       0x60 /courses/TDDI11/sw/lib/elf/libepc.a(io.o)
                0x000000000000107c                TimerTickISR
                0x0000000000001088                KeyboardISR
                0x00000000000010a8                ISR_PIC1
                0x00000000000010af                ISR_PIC2
                0x00000000000010b8                ___main
                0x00000000000010b9                inportb
                0x00000000000010c3                outportb
                0x00000000000010d5                _exit
 .text          0x00000000000010dc      0x570 /courses/TDDI11/sw/lib/elf/libepc.a(keyboard.o)
                0x00000000000010dc                ScanCodeRdy
                0x0000000000001100                GetScanCode
                0x0000000000001130                ScanCode2Ascii
                0x00000000000012f0                SetsKybdState
                0x00000000000014e0                Enqueue
                0x000000000000164b                text_last = (. - 0x1)

.data           0x000000000000164c      0x722
                0x000000000000164c                data_frst = .
 *(.data)
 .data          0x000000000000164c        0x0 main.o
 .data          0x000000000000164c       0x20 /courses/TDDI11/sw/lib/elf/libepc.a(init-cpu.o)
                0x000000000000166a                code_selector
 .data          0x000000000000166c       0x90 /courses/TDDI11/sw/lib/elf/libepc.a(init-idt.o)
 .data          0x00000000000016fc       0x10 /courses/TDDI11/sw/lib/elf/libepc.a(init-crt.o)
 .data          0x000000000000170c       0x30 /courses/TDDI11/sw/lib/elf/libepc.a(display.o)
 .data          0x000000000000173c        0x0 /courses/TDDI11/sw/lib/elf/libepc.a(init8259.o)
 .data          0x000000000000173c        0x0 /courses/TDDI11/sw/lib/elf/libepc.a(init8253.o)
 .data          0x000000000000173c        0xc /courses/TDDI11/sw/lib/elf/libepc.a(io.o)
                0x000000000000173c                msec
                0x0000000000001740                old_tick_isr
                0x0000000000001744                old_kybd_isr
 .data          0x0000000000001748      0x5a0 /courses/TDDI11/sw/lib/elf/libepc.a(keyboard.o)
 *(.rodata)
 .rodata        0x0000000000001ce8       0x86 main.o
 *(.rodata.str1.1)
 *(.rodata.str1.32)
                0x0000000000001d6d                data_last = (. - 0x1)

.bss            0x0000000000001d70      0x83c
                0x0000000000001d70                bss_frst = .
 *(.bss)
 .bss           0x0000000000001d70        0x0 main.o
 .bss           0x0000000000001d70      0x800 /courses/TDDI11/sw/lib/elf/libepc.a(init-idt.o)
 .bss           0x0000000000002570        0x0 /courses/TDDI11/sw/lib/elf/libepc.a(init-crt.o)
 .bss           0x0000000000002570        0x8 /courses/TDDI11/sw/lib/elf/libepc.a(display.o)
 .bss           0x0000000000002578        0x0 /courses/TDDI11/sw/lib/elf/libepc.a(init8259.o)
 .bss           0x0000000000002578        0x0 /courses/TDDI11/sw/lib/elf/libepc.a(init8253.o)
 .bss           0x0000000000002578       0x34 /courses/TDDI11/sw/lib/elf/libepc.a(keyboard.o)
 *(COMMON)
                0x00000000000025ab                bss_last = (. - 0x1)

/DISCARD/
 *(.eh_frame)
                0x00000000000025ac                stack_frst = (bss_last + 0x1)
                0x000000000000a5ab                stack_last = (bss_last + 0x8000)
                0x000000000000a5ac                heap_frst = (stack_last + 0x1)
OUTPUT(embedded.bin binary)

.debug_info     0x0000000000000000       0xa0
 .debug_info    0x0000000000000000       0xa0 main.o

.debug_abbrev   0x0000000000000000       0x5e
 .debug_abbrev  0x0000000000000000       0x5e main.o

.debug_aranges  0x0000000000000000       0x20
 .debug_aranges
                0x0000000000000000       0x20 main.o

.debug_line     0x0000000000000000       0x3c
 .debug_line    0x0000000000000000       0x3c main.o

.debug_str      0x0000000000000000       0xcb
 .debug_str     0x0000000000000000       0xcb main.o

.comment        0x0000000000000000       0x12
 .comment       0x0000000000000000       0x12 main.o
