Archive member included to satisfy reference by file (symbol)

/courses/TDDI11/sw/lib/elf/libepc.a(init-cpu.o)
                              (start)
/courses/TDDI11/sw/lib/elf/libepc.a(init-idt.o)
                              /courses/TDDI11/sw/lib/elf/libepc.a(init-cpu.o) (Init_IDT)
/courses/TDDI11/sw/lib/elf/libepc.a(init-crt.o)
                              /courses/TDDI11/sw/lib/elf/libepc.a(init-cpu.o) (Init_CRT)
/courses/TDDI11/sw/lib/elf/libepc.a(display.o)
                              main.o (SetCursorPosition)
/courses/TDDI11/sw/lib/elf/libepc.a(timer.o)
                              main.o (Milliseconds)
/courses/TDDI11/sw/lib/elf/libepc.a(init8259.o)
                              /courses/TDDI11/sw/lib/elf/libepc.a(init-cpu.o) (Init8259)
/courses/TDDI11/sw/lib/elf/libepc.a(init8253.o)
                              /courses/TDDI11/sw/lib/elf/libepc.a(init-cpu.o) (Init8253)
/courses/TDDI11/sw/lib/elf/libepc.a(cycles.o)
                              main.o (CPU_Clock_Cycles)
/courses/TDDI11/sw/lib/elf/libepc.a(checkcpu.o)
                              /courses/TDDI11/sw/lib/elf/libepc.a(init-cpu.o) (Check_CPU)
/courses/TDDI11/sw/lib/elf/libepc.a(io.o)
                              /courses/TDDI11/sw/lib/elf/libepc.a(timer.o) (msec)
/courses/TDDI11/sw/lib/elf/libepc.a(keyboard.o)
                              /courses/TDDI11/sw/lib/elf/libepc.a(io.o) (Enqueue)
/courses/TDDI11/sw/i386-elf-gcc-7.3.0/lib/gcc/i386-elf/7.3.0/libgcc.a(_udivdi3.o)
                              main.o (__udivdi3)

Discarded input sections

 .eh_frame      0x0000000000000000       0x48 main.o
 .eh_frame      0x0000000000000000       0x84 /courses/TDDI11/sw/i386-elf-gcc-7.3.0/lib/gcc/i386-elf/7.3.0/libgcc.a(_udivdi3.o)

Memory Configuration

Name             Origin             Length             Attributes
conventional     0x0000000000000000 0x00000000000a0000
reserved         0x00000000000a0000 0x0000000000060000
extended         0x0000000000100000 0x00000000fff00000
*default*        0x0000000000000000 0xffffffffffffffff

Linker script and memory map

LOAD main.o
LOAD /courses/TDDI11/sw/lib/elf/libepc.a
LOAD /courses/TDDI11/sw/lib/elf/djgpp/libc.a
LOAD /courses/TDDI11/sw/i386-elf-gcc-7.3.0/lib/gcc/i386-elf/7.3.0/libgcc.a

.text           0x0000000000000000     0x1bff
                0x0000000000000000                text_frst = .
 *(.start)
 .start         0x0000000000000000        0x8 /courses/TDDI11/sw/lib/elf/libepc.a(init-cpu.o)
                0x0000000000000000                start
 *(.init)
 *(.text)
 .text          0x0000000000000008      0x3d0 main.o
                0x0000000000000008                main
 .text          0x00000000000003d8       0x50 /courses/TDDI11/sw/lib/elf/libepc.a(init-cpu.o)
                0x00000000000003d8                Init_CPU
 .text          0x0000000000000428      0x5a0 /courses/TDDI11/sw/lib/elf/libepc.a(init-idt.o)
                0x0000000000000838                IRQ2INT
                0x000000000000084c                _GetISR
                0x0000000000000890                SetISR
                0x00000000000008c8                Init_IDT
 .text          0x00000000000009c8      0x110 /courses/TDDI11/sw/lib/elf/libepc.a(init-crt.o)
                0x00000000000009c8                Init_CRT
                0x00000000000009fc                _LastMemoryAddress
 .text          0x0000000000000ad8      0x6e0 /courses/TDDI11/sw/lib/elf/libepc.a(display.o)
                0x0000000000000ad8                SetCursorVisible
                0x0000000000000b5c                _GetCursorRow
                0x0000000000000b70                _GetCursorCol
                0x0000000000000b84                SetCursorPosition
                0x0000000000000c28                ClearScreen
                0x0000000000000c90                _PutAttb
                0x0000000000000cdc                _PutCharAt
                0x0000000000000d08                _PutChar
                0x0000000000000d8c                PutString
                0x0000000000000dc4                PutUnsigned
                0x0000000000000dfc                FormatUnsigned
                0x0000000000000e8c                Unsigned2Ascii
                0x0000000000000f10                _Cell
 .text          0x00000000000011b8       0xe0 /courses/TDDI11/sw/lib/elf/libepc.a(timer.o)
                0x0000000000001240                Milliseconds
                0x000000000000125c                Now_Plus
 .text          0x0000000000001298       0xe0 /courses/TDDI11/sw/lib/elf/libepc.a(init8259.o)
                0x0000000000001298                Init8259
 .text          0x0000000000001378       0xb0 /courses/TDDI11/sw/lib/elf/libepc.a(init8253.o)
                0x0000000000001378                Init8253
 .text          0x0000000000001428       0x70 /courses/TDDI11/sw/lib/elf/libepc.a(cycles.o)
                0x0000000000001428                CPU_Clock_Cycles
 .text          0x0000000000001498       0x98 /courses/TDDI11/sw/lib/elf/libepc.a(checkcpu.o)
                0x0000000000001498                Check_CPU
 .text          0x0000000000001530       0x60 /courses/TDDI11/sw/lib/elf/libepc.a(io.o)
                0x0000000000001530                TimerTickISR
                0x000000000000153c                KeyboardISR
                0x000000000000155c                ISR_PIC1
                0x0000000000001563                ISR_PIC2
                0x000000000000156c                ___main
                0x000000000000156d                inportb
                0x0000000000001577                outportb
                0x0000000000001589                _exit
 .text          0x0000000000001590      0x570 /courses/TDDI11/sw/lib/elf/libepc.a(keyboard.o)
                0x0000000000001590                ScanCodeRdy
                0x00000000000015b4                GetScanCode
                0x00000000000015e4                ScanCode2Ascii
                0x00000000000017a4                SetsKybdState
                0x0000000000001994                Enqueue
 .text          0x0000000000001b00       0xff /courses/TDDI11/sw/i386-elf-gcc-7.3.0/lib/gcc/i386-elf/7.3.0/libgcc.a(_udivdi3.o)
                0x0000000000001b00                __udivdi3
                0x0000000000001bfe                text_last = (. - 0x1)

.data           0x0000000000001c00      0x6e5
                0x0000000000001c00                data_frst = .
 *(.data)
 .data          0x0000000000001c00        0x0 main.o
 .data          0x0000000000001c00       0x20 /courses/TDDI11/sw/lib/elf/libepc.a(init-cpu.o)
                0x0000000000001c1e                code_selector
 .data          0x0000000000001c20       0x90 /courses/TDDI11/sw/lib/elf/libepc.a(init-idt.o)
 .data          0x0000000000001cb0       0x10 /courses/TDDI11/sw/lib/elf/libepc.a(init-crt.o)
 .data          0x0000000000001cc0       0x30 /courses/TDDI11/sw/lib/elf/libepc.a(display.o)
 .data          0x0000000000001cf0       0x10 /courses/TDDI11/sw/lib/elf/libepc.a(timer.o)
 .data          0x0000000000001d00        0x0 /courses/TDDI11/sw/lib/elf/libepc.a(init8259.o)
 .data          0x0000000000001d00        0x0 /courses/TDDI11/sw/lib/elf/libepc.a(init8253.o)
 .data          0x0000000000001d00        0x4 /courses/TDDI11/sw/lib/elf/libepc.a(cycles.o)
 .data          0x0000000000001d04        0xc /courses/TDDI11/sw/lib/elf/libepc.a(io.o)
                0x0000000000001d04                msec
                0x0000000000001d08                old_tick_isr
                0x0000000000001d0c                old_kybd_isr
 .data          0x0000000000001d10      0x5a0 /courses/TDDI11/sw/lib/elf/libepc.a(keyboard.o)
 .data          0x00000000000022b0        0x0 /courses/TDDI11/sw/i386-elf-gcc-7.3.0/lib/gcc/i386-elf/7.3.0/libgcc.a(_udivdi3.o)
 *(.rodata)
 .rodata        0x00000000000022b0       0x35 main.o
 *(.rodata.str1.1)
 *(.rodata.str1.32)
                0x00000000000022e4                data_last = (. - 0x1)

.bss            0x00000000000022e8      0x83c
                0x00000000000022e8                bss_frst = .
 *(.bss)
 .bss           0x00000000000022e8        0x0 main.o
 .bss           0x00000000000022e8      0x800 /courses/TDDI11/sw/lib/elf/libepc.a(init-idt.o)
 .bss           0x0000000000002ae8        0x0 /courses/TDDI11/sw/lib/elf/libepc.a(init-crt.o)
 .bss           0x0000000000002ae8        0x8 /courses/TDDI11/sw/lib/elf/libepc.a(display.o)
 .bss           0x0000000000002af0        0x0 /courses/TDDI11/sw/lib/elf/libepc.a(timer.o)
 .bss           0x0000000000002af0        0x0 /courses/TDDI11/sw/lib/elf/libepc.a(init8259.o)
 .bss           0x0000000000002af0        0x0 /courses/TDDI11/sw/lib/elf/libepc.a(init8253.o)
 .bss           0x0000000000002af0       0x34 /courses/TDDI11/sw/lib/elf/libepc.a(keyboard.o)
 .bss           0x0000000000002b24        0x0 /courses/TDDI11/sw/i386-elf-gcc-7.3.0/lib/gcc/i386-elf/7.3.0/libgcc.a(_udivdi3.o)
 *(COMMON)
                0x0000000000002b23                bss_last = (. - 0x1)

/DISCARD/
 *(.eh_frame)
                0x0000000000002b24                stack_frst = (bss_last + 0x1)
                0x000000000000ab23                stack_last = (bss_last + 0x8000)
                0x000000000000ab24                heap_frst = (stack_last + 0x1)
OUTPUT(embedded.bin binary)

.debug_info     0x0000000000000000      0xbb7
 .debug_info    0x0000000000000000      0x188 main.o
 .debug_info    0x0000000000000188      0xa2f /courses/TDDI11/sw/i386-elf-gcc-7.3.0/lib/gcc/i386-elf/7.3.0/libgcc.a(_udivdi3.o)

.debug_abbrev   0x0000000000000000      0x2a2
 .debug_abbrev  0x0000000000000000       0x9d main.o
 .debug_abbrev  0x000000000000009d      0x205 /courses/TDDI11/sw/i386-elf-gcc-7.3.0/lib/gcc/i386-elf/7.3.0/libgcc.a(_udivdi3.o)

.debug_aranges  0x0000000000000000       0x40
 .debug_aranges
                0x0000000000000000       0x20 main.o
 .debug_aranges
                0x0000000000000020       0x20 /courses/TDDI11/sw/i386-elf-gcc-7.3.0/lib/gcc/i386-elf/7.3.0/libgcc.a(_udivdi3.o)

.debug_line     0x0000000000000000      0x23d
 .debug_line    0x0000000000000000      0x106 main.o
 .debug_line    0x0000000000000106      0x137 /courses/TDDI11/sw/i386-elf-gcc-7.3.0/lib/gcc/i386-elf/7.3.0/libgcc.a(_udivdi3.o)

.debug_str      0x0000000000000000      0xb94
 .debug_str     0x0000000000000000      0x104 main.o
 .debug_str     0x0000000000000104      0xa90 /courses/TDDI11/sw/i386-elf-gcc-7.3.0/lib/gcc/i386-elf/7.3.0/libgcc.a(_udivdi3.o)

.comment        0x0000000000000000       0x24
 .comment       0x0000000000000000       0x12 main.o
 .comment       0x0000000000000012       0x12 /courses/TDDI11/sw/i386-elf-gcc-7.3.0/lib/gcc/i386-elf/7.3.0/libgcc.a(_udivdi3.o)

.debug_loc      0x0000000000000000      0x691
 .debug_loc     0x0000000000000000      0x691 /courses/TDDI11/sw/i386-elf-gcc-7.3.0/lib/gcc/i386-elf/7.3.0/libgcc.a(_udivdi3.o)

.debug_ranges   0x0000000000000000       0x28
 .debug_ranges  0x0000000000000000       0x28 /courses/TDDI11/sw/i386-elf-gcc-7.3.0/lib/gcc/i386-elf/7.3.0/libgcc.a(_udivdi3.o)
